// Jest Snapshot v1, https://goo.gl/fbAQLP

exports[`<Heading> Heading will render creates a button component 1`] = `ShallowWrapper {}`;
