// Jest Snapshot v1, https://goo.gl/fbAQLP

exports[`Text (HTML component) will render creates a text component 1`] = `ShallowWrapper {}`;
